[backblue.gif]
[fade.gif]
[index.html]
[isfap-sn.com/indexc0d0.php]
[isfap-sn.com/index7b17.php]
[isfap-sn.com/media/system/js/mootools-core.js]
[isfap-sn.com/media/jui/js/jquery.min.js]
[isfap-sn.com/media/jui/js/jquery-noconflict.js]
[isfap-sn.com/media/jui/js/jquery-migrate.min.js]
[isfap-sn.com/media/system/js/core.js]
[isfap-sn.com/templates/bt_medical/html/mod_bt_backgroundslideshow/js/default.js]
[isfap-sn.com/templates/bt_medical/js/bootstrap-select.min.js]
[isfap-sn.com/templates/bt_medical/js/waypoints.js]
[isfap-sn.com/templates/bt_medical/js/script.js]
[isfap-sn.com/images/image_logo/logo_isfa.png]
[isfap-sn.com/index.html]
[isfap-sn.com/templates/system/css/system.css]
[isfap-sn.com/t3-assets/dev/templates.bt_medical.less.bootstrap.less.css]
[isfap-sn.com/t3-assets/dev/plugins.system.t3.base-bs3.less.t3.less.css]
[isfap-sn.com/t3-assets/dev/templates.bt_medical.less.core.less.css]
[isfap-sn.com/t3-assets/dev/templates.bt_medical.less.typography.less.css]
[isfap-sn.com/t3-assets/dev/templates.bt_medical.less.forms.less.css]
[isfap-sn.com/t3-assets/dev/templates.bt_medical.less.navigation.less.css]
[isfap-sn.com/t3-assets/dev/templates.bt_medical.less.navbar.less.css]
[isfap-sn.com/t3-assets/dev/templates.bt_medical.less.modules.less.css]
[isfap-sn.com/t3-assets/dev/templates.bt_medical.less.joomla.less.css]
[isfap-sn.com/t3-assets/dev/templates.bt_medical.less.components.less.css]
[isfap-sn.com/t3-assets/dev/templates.bt_medical.less.style.less.css]
[isfap-sn.com/templates/bt_medical/images/bg-li.png]
[isfap-sn.com/templates/bt_medical/images/bg-li-content-left.png]
[isfap-sn.com/templates/bt_medical/images/content_showcase_back.png]
[isfap-sn.com/templates/bt_medical/images/content_showcase_next.png]
[isfap-sn.com/templates/bt_medical/images/bg-iconLink1.png]
[isfap-sn.com/templates/bt_medical/images/bg-iconLink2.png]
[isfap-sn.com/templates/bt_medical/images/bg-iconLink3.png]
[isfap-sn.com/templates/bt_medical/images/bg-iconLink-hover-1.png]
[isfap-sn.com/templates/bt_medical/images/bg-iconLink-hover-2.png]
[isfap-sn.com/templates/bt_medical/images/bg-iconLink-hover-3.png]
[isfap-sn.com/templates/bt_medical/images/bg-iconLink-hover-4.png]
[isfap-sn.com/templates/bt_medical/images/login-user-focus.png]
[isfap-sn.com/templates/bt_medical/images/login-pass-focus.png]
[isfap-sn.com/templates/bt_medical/images/close-popup-hover.png]
[isfap-sn.com/templates/bt_medical/images/aboutUsCustomInfoIcon-1.png]
[isfap-sn.com/templates/bt_medical/images/aboutUsCustomInfoIcon-2.png]
[isfap-sn.com/templates/bt_medical/images/aboutUsCustomInfoIcon-3.png]
[isfap-sn.com/templates/bt_medical/images/aboutUsCustomInfoIcon-4.png]
[isfap-sn.com/t3-assets/dev/templates.bt_medical.less.bt_style.less.css]
[isfap-sn.com/t3-assets/dev/templates.bt_medical.less.template.less.css]
[isfap-sn.com/t3-assets/dev/plugins.system.t3.base-bs3.less.megamenu.less.css]
[isfap-sn.com/t3-assets/dev/templates.bt_medical.less.megamenu.less.css]
[isfap-sn.com/t3-assets/dev/plugins.system.t3.base-bs3.less.off-canvas.less.css]
[isfap-sn.com/t3-assets/dev/templates.bt_medical.less.off-canvas.less.css]
[isfap-sn.com/templates/bt_medical/fonts/font-awesome/fonts/fontawesome-webfont862f.eot]
[isfap-sn.com/templates/bt_medical/fonts/font-awesome/fonts/fontawesome-webfontd41d.eot]
[isfap-sn.com/templates/bt_medical/fonts/font-awesome/fonts/fontawesome-webfont862f.woff]
[isfap-sn.com/templates/bt_medical/fonts/font-awesome/fonts/fontawesome-webfont862f.ttf]
[isfap-sn.com/templates/bt_medical/fonts/font-awesome/css/font-awesome.min.css]
[isfap-sn.com/templates/bt_medical/html/mod_bt_backgroundslideshow/images/loading.gif]
[isfap-sn.com/templates/bt_medical/html/mod_bt_backgroundslideshow/images/bgd-desc.png]
[isfap-sn.com/templates/bt_medical/html/mod_bt_backgroundslideshow/images/btn_playg_46x46 hover.png]
[isfap-sn.com/templates/bt_medical/html/mod_bt_backgroundslideshow/images/back.png]
[isfap-sn.com/templates/bt_medical/html/mod_bt_backgroundslideshow/images/next.png]
[isfap-sn.com/templates/bt_medical/html/mod_bt_backgroundslideshow/images/play.png]
[isfap-sn.com/templates/bt_medical/html/mod_bt_backgroundslideshow/images/pause.png]
[isfap-sn.com/templates/bt_medical/html/mod_bt_backgroundslideshow/images/btn_playg_46x46.png]
[isfap-sn.com/templates/bt_medical/html/mod_bt_backgroundslideshow/images/btn_play_16x16.png]
[isfap-sn.com/templates/bt_medical/html/mod_bt_backgroundslideshow/images/play-pause-btn.gif]
[isfap-sn.com/templates/bt_medical/html/mod_bt_backgroundslideshow/images/loading_black.gif]
[isfap-sn.com/templates/bt_medical/html/mod_bt_backgroundslideshow/images/seekbar-bg.gif]
[isfap-sn.com/templates/bt_medical/html/mod_bt_backgroundslideshow/images/mute-btn.gif]
[isfap-sn.com/templates/bt_medical/html/mod_bt_backgroundslideshow/images/justify-bg.png]
[isfap-sn.com/templates/bt_medical/html/mod_bt_backgroundslideshow/css/style.css]
[isfap-sn.com/templates/bt_medical/html/mod_bt_backgroundslideshow/images/bullet.png]
[isfap-sn.com/templates/bt_medical/images/bg-top-head.png]
[isfap-sn.com/templates/bt_medical/images/bg-li-lv1-mainmenu.png]
[isfap-sn.com/templates/bt_medical/images/bg_sub_menu.png]
[isfap-sn.com/templates/bt_medical/images/arrow_submenu.png]
[isfap-sn.com/templates/bt_medical/images/bg-sl1.png]
[isfap-sn.com/templates/bt_medical/images/arrow-tipp.png]
[isfap-sn.com/templates/bt_medical/images/close-popup.png]
[isfap-sn.com/templates/bt_medical/images/login-user.png]
[isfap-sn.com/templates/bt_medical/images/login-pass.png]
[isfap-sn.com/templates/bt_medical/images/bg-page-heading.png]
[isfap-sn.com/templates/bt_medical/images/arrow-skillbar-current.png]
[isfap-sn.com/templates/bt_medical/images/bg-sl3-left.png]
[isfap-sn.com/templates/bt_medical/images/bg-sl3-right.png]
[isfap-sn.com/templates/bt_medical/images/customInfoIcon-1.png]
[isfap-sn.com/templates/bt_medical/images/customInfoIcon-2.png]
[isfap-sn.com/templates/bt_medical/images/customInfoIcon-3.png]
[isfap-sn.com/templates/bt_medical/images/customInfoIcon-4.png]
[isfap-sn.com/templates/bt_medical/images/bg-sl4-block1.png]
[isfap-sn.com/templates/bt_medical/images/bg-li-tab-shortcode.png]
[isfap-sn.com/templates/bt_medical/images/ajax-loader.gif]
[isfap-sn.com/templates/bt_medical/css/bt_style.css]
[isfap-sn.com/templates/bt_medical/css/effect.css]
[isfap-sn.com/templates/bt_medical/css/reponsive.css]
[isfap-sn.com/templates/bt_medical/css/j3x_css.css]
[isfap-sn.com/index.php/2014-11-04-06-58-8/presentation-de-l-isfap.html]
[isfap-sn.com/images/ACCEUIL/QUI_SOMMES.png]
[isfap-sn.com/index.php/2014-11-04-06-58-8/nos-filieresc0d0]
[isfap-sn.com/index.php/2014-11-04-06-58-8/nos-filieres7b17]
[isfap-sn.com/media/system/js/mootools-more.js]
[isfap-sn.com/images/ACCEUIL/NOS DIPLOMES GRAND.png]
[isfap-sn.com/images/filiere/bts_dts.png]
[isfap-sn.com/images/ACCEUIL/diplome2.jpg]
[isfap-sn.com/images/filiere/certificat.png]
[isfap-sn.com/images/ACCEUIL/TECHNICEIN.jpg]
[isfap-sn.com/images/filiere/etat_diplome.png]
[isfap-sn.com/index.php/2014-11-04-06-58-8/nos-filieres.html]
[isfap-sn.com/index.php/contact.html]
[isfap-sn.com/index.php/2014-11-04-06-58-8/nos-filieres/31-diplome-d-etat-en-sante.html]
[isfap-sn.com/index.php/2014-11-04-06-58-8/nos-filieres/32-certificat-de-specialite-cs-certificat-de-competence-professionnelle-cqp.html]
[isfap-sn.com/images/partenaires/ministere.png]
[isfap-sn.com/index.php/14-nos-partenaires/35-ministere-de-la-sante-et-de-l-action-sociale.html]
[isfap-sn.com/images/partenaires/unfa_fos.png]
[isfap-sn.com/index.php/14-nos-partenaires/36-union-nationale-des-acteurs-de-formation-en-securite.html]
[isfap-sn.com/images/partenaires/Logo_CFP_Forestville.jpg]
[isfap-sn.com/index.php/14-nos-partenaires/37-le-centre-de-formation-professionnelle-de-forestville-la-reference-en-mines-et-forets-au-quebec.html]
[isfap-sn.com/media/system/images/notice-info.png]
[isfap-sn.com/media/system/images/notice-alert.png]
[isfap-sn.com/media/system/css/system.css]
[isfap-sn.com/templates/bt_medical/images/bg-iconLink4.html]
[isfap-sn.com/templates/bt_medical/fonts/font-awesome/fonts/fontawesome-webfont862f.svg]
[isfap-sn.com/templates/bt_medical/images/grayscale.svg]
[isfap-sn.com/media/system/images/notice-note.png]
[isfap-sn.com/index.php/2014-11-04-06-58-8/presentation-de-l-isfap/13-motsc0d0]
[isfap-sn.com/index.php/2014-11-04-06-58-8/presentation-de-l-isfap/13-mots.html]
[isfap-sn.com/index.php/2014-11-04-06-58-8/nos-filieres/33-diplome-d-etat-bts-brevet-de-technicien-superieur-ou-dts-diplome-de-technicien-superieur.html]
[isfap-sn.com/index.php/2014-11-04-06-58-8/presentation-de-l-isfap/13-mots7b17]
